#-----------------------------------------------------------
# Vivado v2019.1 (64-bit)
# SW Build 2552052 on Fri May 24 14:47:09 MDT 2019
# IP Build 2548770 on Fri May 24 18:01:18 MDT 2019
# Start of session at: Thu Apr  1 20:06:25 2021
# Process ID: 2741
# Current directory: /home/sjchoi/XilinxAR65444/Linux/Xilinx_Answer_65444_Linux_Files/tests
# Command line: vivado
# Log file: /home/sjchoi/XilinxAR65444/Linux/Xilinx_Answer_65444_Linux_Files/tests/vivado.log
# Journal file: /home/sjchoi/XilinxAR65444/Linux/Xilinx_Answer_65444_Linux_Files/tests/vivado.jou
#-----------------------------------------------------------
start_gui
open_project /home/sjchoi/project_2/project_2.xpr
update_compile_order -fileset sources_1
open_hw
connect_hw_server
open_hw_target
set_property PROGRAM.FILE {/home/sjchoi/project_2/project_2.runs/impl_1/design_1_wrapper.bit} [get_hw_devices xcvu9p_0]
set_property PROBES.FILE {/home/sjchoi/project_2/project_2.runs/impl_1/design_1_wrapper.ltx} [get_hw_devices xcvu9p_0]
set_property FULL_PROBES.FILE {/home/sjchoi/project_2/project_2.runs/impl_1/design_1_wrapper.ltx} [get_hw_devices xcvu9p_0]
current_hw_device [get_hw_devices xcvu9p_0]
refresh_hw_device [lindex [get_hw_devices xcvu9p_0] 0]
set_property PROBES.FILE {/home/sjchoi/project_2/project_2.runs/impl_1/design_1_wrapper.ltx} [get_hw_devices xcvu9p_0]
set_property FULL_PROBES.FILE {/home/sjchoi/project_2/project_2.runs/impl_1/design_1_wrapper.ltx} [get_hw_devices xcvu9p_0]
set_property PROGRAM.FILE {/home/sjchoi/project_2/project_2.runs/impl_1/design_1_wrapper.bit} [get_hw_devices xcvu9p_0]
program_hw_devices [get_hw_devices xcvu9p_0]
refresh_hw_device [lindex [get_hw_devices xcvu9p_0] 0]
